cargo :    Compiling 
windows_x86_64_msvc 
v0.52.6
At line:1 char:1
+ cargo check 2> 
build_output.txt
+ ~~~~~~~~~~~~~~~~~~~~~
~~~~~~~~~~
    + CategoryInfo     
         : NotSpecifi  
  ed: (   Compiling    
 windows_x86_64_msv    
c v0.52.6:String)     
[], RemoteExceptio    n
    + FullyQualifiedEr 
   rorId : NativeComm  
  andError
 
error: linker 
`link.exe` not found
  |
  = note: program not 
found

note: the msvc targets 
depend on the msvc 
linker but `link.exe` 
was not found

note: please ensure 
that Visual Studio 
2017 or later, or 
Build Tools for Visual 
Studio were installed 
with the Visual C++ 
option.

note: VS Code is a 
different product, and 
is not sufficient.

error: could not 
compile 
`windows_x86_64_msvc` 
(build script) due to 
1 previous error
